0
10
20
30
40
50
60
70
80
90
100
101
102
103
104
105
106
107
108
109
110
120
130
140
150
160
170
180
190
200