6-7(11) 6-1 7-6(3)
6-2 6-2
7-6(2) 3-6 6-3 6-7(5) 6-3